// 重构日志: 0be61a22
// 重构日志: 9f4eb4a0
// 重构日志: a4c0dd2f
// 重构日志: 08033283
// 重构日志: f356899e
// 重构日志: 13052156
// 重构日志: 4129b6a7
// 重构日志: 427992c6
// 重构日志: c8d920be
// 重构日志: 37687e82
// 重构日志: 133cc503
// 同步 ID: 4b65e4b3 @ Tue Jul 28 12:12:09 UTC 2026
// 重构日志: e5b169ea
// 重构日志: c059d981
// 同步 ID: 70561183 @ Wed Jul 29 06:42:43 UTC 2026
// 同步 ID: f8439a74 @ Wed Jul 29 10:21:45 UTC 2026
// 重构日志: 368dcd28
// 同步 ID: f3fc5ab2 @ Wed Jul 29 17:25:47 UTC 2026
// 重构日志: 9c709c36
// 重构日志: 37b27c91
// 同步 ID: f19c6e1e @ Thu Jul 30 14:59:11 UTC 2026
// 同步 ID: 0cf0d0ce @ Sat Aug  1 11:56:16 UTC 2026
// 重构日志: e14b14cd
// 同步 ID: e40bf64c @ Mon Aug  3 04:38:06 UTC 2026
// 同步 ID: 8b071117 @ Tue Aug  4 20:41:47 UTC 2026
// 同步 ID: 5734d5c2 @ Wed Aug  5 00:20:20 UTC 2026
// 重构日志: 66dff6e5
// 同步 ID: ece401e4 @ Wed Aug  5 16:20:04 UTC 2026
// 重构日志: 07118e61
// 同步 ID: 0af01284 @ Fri Aug  7 14:10:24 UTC 2026
